// Jest Snapshot v1, https://goo.gl/fbAQLP

exports[`DragonsView component matches snapshot 1`] = `
<section
  data-testid="dragons-container"
/>
`;
